2026-03-19 12:36:12,386 [ERROR] scraper.maps_scraper: [64da4d44-e79d-4992-b259-b29f03891203] Fatal extraction error: Page.goto: Timeout 30000ms exceeded.
Call log:
  - navigating to "https://www.google.com/maps/search/home+decor+in+bhopal/@23.1986286,77.4587233,15z/data=!3m1!4b1?entry=ttu&g_ep=EgoyMDI2MDMxNS4wIKXMDSoASAFQAw%3D%3D", waiting until "networkidle"
Traceback (most recent call last):
  File "E:\abc\leads-extractor\leads-extractor\backend\scraper\maps_scraper.py", line 53, in extract_leads
    await page.goto(maps_url, wait_until="networkidle", timeout=30000)
  File "E:\abc\leads-extractor\leads-extractor\backend\venv\Lib\site-packages\playwright\async_api\_generated.py", line 9045, in goto
    await self._impl_obj.goto(
        url=url, timeout=timeout, waitUntil=wait_until, referer=referer
    )
  File "E:\abc\leads-extractor\leads-extractor\backend\venv\Lib\site-packages\playwright\_impl\_page.py", line 552, in goto
    return await self._main_frame.goto(**locals_to_params(locals()))
           ^^^^^^^^^^^^^^^^^^^^^^^^^^^^^^^^^^^^^^^^^^^^^^^^^^^^^^^^^
  File "E:\abc\leads-extractor\leads-extractor\backend\venv\Lib\site-packages\playwright\_impl\_frame.py", line 153, in goto
    await self._channel.send(
        "goto", self._navigation_timeout, locals_to_params(locals())
    )
  File "E:\abc\leads-extractor\leads-extractor\backend\venv\Lib\site-packages\playwright\_impl\_connection.py", line 69, in send
    return await self._connection.wrap_api_call(
           ^^^^^^^^^^^^^^^^^^^^^^^^^^^^^^^^^^^^^
    ...<3 lines>...
    )
    ^
  File "E:\abc\leads-extractor\leads-extractor\backend\venv\Lib\site-packages\playwright\_impl\_connection.py", line 559, in wrap_api_call
    raise rewrite_error(error, f"{parsed_st['apiName']}: {error}") from None
playwright._impl._errors.TimeoutError: Page.goto: Timeout 30000ms exceeded.
Call log:
  - navigating to "https://www.google.com/maps/search/home+decor+in+bhopal/@23.1986286,77.4587233,15z/data=!3m1!4b1?entry=ttu&g_ep=EgoyMDI2MDMxNS4wIKXMDSoASAFQAw%3D%3D", waiting until "networkidle"

2026-03-19 12:38:51,841 [ERROR] scraper.maps_scraper: [76039f12-ca9f-4a87-be92-91f69622da9c] Fatal extraction error: Page.goto: net::ERR_NAME_NOT_RESOLVED at https://www.google.com/maps/search/home+decor+in+bhopal/@23.1986292,77.4587233,15z?entry=ttu&g_ep=EgoyMDI2MDMxNS4wIKXMDSoASAFQAw%3D%3D
Call log:
  - navigating to "https://www.google.com/maps/search/home+decor+in+bhopal/@23.1986292,77.4587233,15z?entry=ttu&g_ep=EgoyMDI2MDMxNS4wIKXMDSoASAFQAw%3D%3D", waiting until "networkidle"
Traceback (most recent call last):
  File "E:\abc\leads-extractor\leads-extractor\backend\scraper\maps_scraper.py", line 53, in extract_leads
    await page.goto(maps_url, wait_until="networkidle", timeout=30000)
  File "E:\abc\leads-extractor\leads-extractor\backend\venv\Lib\site-packages\playwright\async_api\_generated.py", line 9045, in goto
    await self._impl_obj.goto(
        url=url, timeout=timeout, waitUntil=wait_until, referer=referer
    )
  File "E:\abc\leads-extractor\leads-extractor\backend\venv\Lib\site-packages\playwright\_impl\_page.py", line 552, in goto
    return await self._main_frame.goto(**locals_to_params(locals()))
           ^^^^^^^^^^^^^^^^^^^^^^^^^^^^^^^^^^^^^^^^^^^^^^^^^^^^^^^^^
  File "E:\abc\leads-extractor\leads-extractor\backend\venv\Lib\site-packages\playwright\_impl\_frame.py", line 153, in goto
    await self._channel.send(
        "goto", self._navigation_timeout, locals_to_params(locals())
    )
  File "E:\abc\leads-extractor\leads-extractor\backend\venv\Lib\site-packages\playwright\_impl\_connection.py", line 69, in send
    return await self._connection.wrap_api_call(
           ^^^^^^^^^^^^^^^^^^^^^^^^^^^^^^^^^^^^^
    ...<3 lines>...
    )
    ^
  File "E:\abc\leads-extractor\leads-extractor\backend\venv\Lib\site-packages\playwright\_impl\_connection.py", line 559, in wrap_api_call
    raise rewrite_error(error, f"{parsed_st['apiName']}: {error}") from None
playwright._impl._errors.Error: Page.goto: net::ERR_NAME_NOT_RESOLVED at https://www.google.com/maps/search/home+decor+in+bhopal/@23.1986292,77.4587233,15z?entry=ttu&g_ep=EgoyMDI2MDMxNS4wIKXMDSoASAFQAw%3D%3D
Call log:
  - navigating to "https://www.google.com/maps/search/home+decor+in+bhopal/@23.1986292,77.4587233,15z?entry=ttu&g_ep=EgoyMDI2MDMxNS4wIKXMDSoASAFQAw%3D%3D", waiting until "networkidle"

2026-03-19 12:41:50,187 [ERROR] scraper.maps_scraper: [2dd6e0c5-a833-4904-a051-f0fe4a285d20] Fatal extraction error: Page.goto: net::ERR_NAME_NOT_RESOLVED at https://docs.ghttps//www.google.com/maps/search/home+decor+in+bhopal/@23.1986292,77.4587233,15z?entry=ttu&g_ep=EgoyMDI2MDMxNS4wIKXMDSoASAFQAw%3D%3Doogle.com/spreadsheets/d/161OTOICm3mSs5eib55oeZ2wLrwdOf6yobxdSKiy-BGI/edit?gid=0#gid=0
Call log:
  - navigating to "https://docs.ghttps//www.google.com/maps/search/home+decor+in+bhopal/@23.1986292,77.4587233,15z?entry=ttu&g_ep=EgoyMDI2MDMxNS4wIKXMDSoASAFQAw%3D%3Doogle.com/spreadsheets/d/161OTOICm3mSs5eib55oeZ2wLrwdOf6yobxdSKiy-BGI/edit?gid=0#gid=0", waiting until "networkidle"
Traceback (most recent call last):
  File "E:\abc\leads-extractor\leads-extractor\backend\scraper\maps_scraper.py", line 53, in extract_leads
    await page.goto(maps_url, wait_until="networkidle", timeout=30000)
  File "E:\abc\leads-extractor\leads-extractor\backend\venv\Lib\site-packages\playwright\async_api\_generated.py", line 9045, in goto
    await self._impl_obj.goto(
        url=url, timeout=timeout, waitUntil=wait_until, referer=referer
    )
  File "E:\abc\leads-extractor\leads-extractor\backend\venv\Lib\site-packages\playwright\_impl\_page.py", line 552, in goto
    return await self._main_frame.goto(**locals_to_params(locals()))
           ^^^^^^^^^^^^^^^^^^^^^^^^^^^^^^^^^^^^^^^^^^^^^^^^^^^^^^^^^
  File "E:\abc\leads-extractor\leads-extractor\backend\venv\Lib\site-packages\playwright\_impl\_frame.py", line 153, in goto
    await self._channel.send(
        "goto", self._navigation_timeout, locals_to_params(locals())
    )
  File "E:\abc\leads-extractor\leads-extractor\backend\venv\Lib\site-packages\playwright\_impl\_connection.py", line 69, in send
    return await self._connection.wrap_api_call(
           ^^^^^^^^^^^^^^^^^^^^^^^^^^^^^^^^^^^^^
    ...<3 lines>...
    )
    ^
  File "E:\abc\leads-extractor\leads-extractor\backend\venv\Lib\site-packages\playwright\_impl\_connection.py", line 559, in wrap_api_call
    raise rewrite_error(error, f"{parsed_st['apiName']}: {error}") from None
playwright._impl._errors.Error: Page.goto: net::ERR_NAME_NOT_RESOLVED at https://docs.ghttps//www.google.com/maps/search/home+decor+in+bhopal/@23.1986292,77.4587233,15z?entry=ttu&g_ep=EgoyMDI2MDMxNS4wIKXMDSoASAFQAw%3D%3Doogle.com/spreadsheets/d/161OTOICm3mSs5eib55oeZ2wLrwdOf6yobxdSKiy-BGI/edit?gid=0#gid=0
Call log:
  - navigating to "https://docs.ghttps//www.google.com/maps/search/home+decor+in+bhopal/@23.1986292,77.4587233,15z?entry=ttu&g_ep=EgoyMDI2MDMxNS4wIKXMDSoASAFQAw%3D%3Doogle.com/spreadsheets/d/161OTOICm3mSs5eib55oeZ2wLrwdOf6yobxdSKiy-BGI/edit?gid=0#gid=0", waiting until "networkidle"

2026-03-19 12:53:02,910 [INFO] scraper.maps_scraper: [76a8f2ee-eba7-4209-ad3d-ae8d3d707649] No new listings after 5 scrolls, stopping scroll
2026-03-19 12:53:02,911 [INFO] scraper.maps_scraper: [76a8f2ee-eba7-4209-ad3d-ae8d3d707649] Found 113 listings, extracting details...
2026-03-19 13:06:36,235 [INFO] scraper.maps_scraper: [76a8f2ee-eba7-4209-ad3d-ae8d3d707649] Extraction completed with 113 leads
2026-03-19 13:13:51,721 [INFO] scraper.maps_scraper: [f3087d67-5560-44a9-ac31-31bc0166c927] No new listings after 5 scrolls, stopping scroll
2026-03-19 13:13:51,721 [INFO] scraper.maps_scraper: [f3087d67-5560-44a9-ac31-31bc0166c927] Found 113 listings, extracting details...
2026-03-19 13:27:22,012 [INFO] scraper.maps_scraper: [f3087d67-5560-44a9-ac31-31bc0166c927] Extraction completed with 113 leads
2026-03-19 13:54:48,104 [INFO] scraper.maps_scraper: [370b8eb1-a5e0-4e4e-888e-b29ff59c6de4] No new listings after 5 scrolls, stopping scroll
2026-03-19 13:54:48,104 [INFO] scraper.maps_scraper: [370b8eb1-a5e0-4e4e-888e-b29ff59c6de4] Found 106 listings, extracting details...
2026-03-19 13:56:20,115 [INFO] scraper.maps_scraper: [ea2498aa-0b2f-448c-938f-39dfeb474f7d] No new listings after 5 scrolls, stopping scroll
2026-03-19 13:56:20,115 [INFO] scraper.maps_scraper: [ea2498aa-0b2f-448c-938f-39dfeb474f7d] Found 109 listings, extracting details...
2026-03-19 13:58:04,636 [INFO] scraper.maps_scraper: [ea2498aa-0b2f-448c-938f-39dfeb474f7d] Extraction stopped with 11 leads
2026-03-19 14:08:15,467 [INFO] scraper.maps_scraper: [370b8eb1-a5e0-4e4e-888e-b29ff59c6de4] Extraction completed with 98 leads
2026-03-19 14:15:16,163 [INFO] scraper.maps_scraper: [72c4fb9a-0b16-456b-9d76-6573856682e7] Found 20 listings, extracting details...
2026-03-19 14:17:36,304 [INFO] scraper.maps_scraper: [72c4fb9a-0b16-456b-9d76-6573856682e7] Extraction completed with 15 leads
2026-03-19 14:21:17,735 [INFO] scraper.maps_scraper: [9f2ef0c6-2ffd-4f4d-9503-03a274df4af4] No new listings after 5 scrolls, stopping scroll
2026-03-19 14:21:17,735 [INFO] scraper.maps_scraper: [9f2ef0c6-2ffd-4f4d-9503-03a274df4af4] Found 2 listings, extracting details...
2026-03-19 14:21:18,644 [INFO] scraper.maps_scraper: [8664db5a-817c-4da8-829c-98474542ece2] Found 7 listings, extracting details...
2026-03-19 14:21:39,036 [INFO] scraper.maps_scraper: [9f2ef0c6-2ffd-4f4d-9503-03a274df4af4] Extraction completed with 2 leads
2026-03-19 14:22:03,055 [INFO] scraper.maps_scraper: [8664db5a-817c-4da8-829c-98474542ece2] Extraction completed with 5 leads
2026-03-19 14:28:22,642 [INFO] scraper.maps_scraper: [24d155eb-0345-43cf-af81-ee5f21feadb3] Found 7 listings, extracting details...
2026-03-19 14:29:05,741 [INFO] scraper.maps_scraper: [24d155eb-0345-43cf-af81-ee5f21feadb3] Extraction completed with 5 leads
2026-03-23 11:49:03,503 [INFO] scraper.maps_scraper: [8d783b30-fd2d-4d88-87fe-d19244d755c8] No new listings after 5 scrolls, stopping scroll
2026-03-23 11:49:03,920 [INFO] scraper.maps_scraper: [8d783b30-fd2d-4d88-87fe-d19244d755c8] Found 120 listings, extracting details...
2026-03-23 12:03:23,290 [INFO] watchfiles.main: 1 change detected
2026-03-23 12:03:30,426 [INFO] watchfiles.main: 1 change detected
2026-03-23 12:03:36,473 [INFO] watchfiles.main: 1 change detected
2026-03-23 12:03:42,202 [INFO] watchfiles.main: 1 change detected
2026-03-23 12:03:47,969 [INFO] watchfiles.main: 13 changes detected
2026-03-23 12:03:48,334 [INFO] watchfiles.main: 7 changes detected
2026-03-23 12:03:48,689 [INFO] watchfiles.main: 8 changes detected
2026-03-23 12:03:49,061 [INFO] watchfiles.main: 2 changes detected
2026-03-23 12:03:49,458 [INFO] watchfiles.main: 1 change detected
2026-03-23 12:04:30,970 [INFO] scraper.maps_scraper: [8d783b30-fd2d-4d88-87fe-d19244d755c8] Extraction completed with 120 leads
2026-03-23 12:04:47,917 [INFO] watchfiles.main: 1 change detected
2026-03-23 12:09:27,766 [INFO] watchfiles.main: 1 change detected
2026-03-23 12:09:35,344 [INFO] watchfiles.main: 1 change detected
2026-03-23 12:10:03,224 [INFO] watchfiles.main: 1 change detected
2026-03-23 12:10:06,857 [INFO] watchfiles.main: 1 change detected
2026-03-23 12:10:24,582 [INFO] watchfiles.main: 1 change detected
2026-03-23 12:10:42,785 [INFO] watchfiles.main: 1 change detected
2026-03-23 12:10:45,558 [INFO] watchfiles.main: 5 changes detected
2026-03-23 12:10:47,714 [INFO] watchfiles.main: 1 change detected
2026-03-23 12:10:48,069 [INFO] watchfiles.main: 1 change detected
2026-03-23 12:11:20,351 [INFO] watchfiles.main: 1 change detected
2026-03-23 12:11:39,632 [INFO] watchfiles.main: 1 change detected
2026-03-23 12:11:45,664 [INFO] watchfiles.main: 1 change detected
2026-03-23 12:11:55,118 [INFO] watchfiles.main: 1 change detected
2026-03-23 12:11:56,443 [INFO] watchfiles.main: 1 change detected
2026-03-23 12:11:56,453 [INFO] watchfiles.main: 1 change detected
2026-03-23 12:11:56,806 [INFO] watchfiles.main: 1 change detected
2026-03-23 12:12:03,675 [INFO] watchfiles.main: 1 change detected
2026-03-23 12:12:03,693 [INFO] watchfiles.main: 1 change detected
2026-03-23 12:13:05,300 [INFO] watchfiles.main: 1 change detected
2026-03-23 12:13:05,339 [INFO] watchfiles.main: 1 change detected
2026-03-23 12:13:34,047 [INFO] scraper.maps_scraper: [2defc61f-2c0c-4133-9bee-253ab9c8ab8e] Found 10 listings, extracting details...
2026-03-23 12:14:11,397 [INFO] scraper.maps_scraper: [2defc61f-2c0c-4133-9bee-253ab9c8ab8e] Extraction completed with 5 leads
2026-03-23 12:15:27,263 [INFO] watchfiles.main: 1 change detected
2026-03-23 12:15:27,284 [INFO] watchfiles.main: 1 change detected
2026-03-23 12:15:33,758 [INFO] watchfiles.main: 1 change detected
2026-03-23 12:15:33,761 [INFO] watchfiles.main: 1 change detected
2026-03-23 12:15:38,710 [INFO] watchfiles.main: 1 change detected
2026-03-23 12:15:38,711 [INFO] watchfiles.main: 1 change detected
2026-03-23 12:15:43,098 [INFO] watchfiles.main: 1 change detected
2026-03-23 12:15:43,098 [INFO] watchfiles.main: 1 change detected
2026-03-23 12:15:48,411 [INFO] watchfiles.main: 1 change detected
2026-03-23 12:15:53,200 [INFO] watchfiles.main: 1 change detected
2026-03-23 12:16:00,901 [INFO] watchfiles.main: 1 change detected
2026-03-23 12:16:00,901 [INFO] watchfiles.main: 1 change detected
2026-03-23 12:16:07,354 [INFO] watchfiles.main: 1 change detected
2026-03-23 12:16:07,356 [INFO] watchfiles.main: 1 change detected
2026-03-23 12:16:13,251 [INFO] watchfiles.main: 1 change detected
2026-03-23 12:16:18,870 [INFO] watchfiles.main: 1 change detected
2026-03-23 12:16:22,853 [INFO] watchfiles.main: 1 change detected
2026-03-23 12:16:22,870 [INFO] watchfiles.main: 1 change detected
2026-03-23 12:16:51,433 [INFO] watchfiles.main: 1 change detected
2026-03-23 12:17:02,367 [INFO] watchfiles.main: 1 change detected
2026-03-23 12:17:11,244 [INFO] watchfiles.main: 1 change detected
2026-03-23 12:17:20,207 [INFO] watchfiles.main: 1 change detected
2026-03-23 12:17:24,059 [INFO] watchfiles.main: 1 change detected
2026-03-23 12:17:24,059 [INFO] watchfiles.main: 1 change detected
2026-03-23 12:17:34,087 [INFO] watchfiles.main: 1 change detected
2026-03-23 12:17:44,648 [INFO] watchfiles.main: 1 change detected
2026-03-23 12:17:44,697 [INFO] watchfiles.main: 1 change detected
2026-03-23 12:25:47,804 [INFO] watchfiles.main: 1 change detected
2026-03-23 12:25:56,786 [INFO] watchfiles.main: 1 change detected
2026-03-23 12:25:56,787 [INFO] watchfiles.main: 1 change detected
2026-03-23 12:26:05,474 [INFO] scraper.maps_scraper: [cdee8ef5-9a79-4ec0-b7fb-db006598a0fe] Found 10 listings, extracting details...
2026-03-23 12:26:07,446 [INFO] watchfiles.main: 1 change detected
2026-03-23 12:26:07,721 [INFO] watchfiles.main: 1 change detected
2026-03-23 12:26:22,968 [INFO] watchfiles.main: 1 change detected
2026-03-23 12:26:22,997 [INFO] watchfiles.main: 1 change detected
2026-03-23 12:26:37,389 [INFO] scraper.maps_scraper: [cdee8ef5-9a79-4ec0-b7fb-db006598a0fe] Extraction completed with 5 leads
2026-03-23 12:26:59,873 [INFO] watchfiles.main: 1 change detected
2026-03-23 12:26:59,922 [INFO] watchfiles.main: 1 change detected
2026-03-23 12:27:46,804 [INFO] watchfiles.main: 1 change detected
2026-03-23 12:27:46,804 [INFO] watchfiles.main: 1 change detected
2026-03-23 12:28:16,361 [INFO] watchfiles.main: 1 change detected
2026-03-23 12:28:22,718 [INFO] watchfiles.main: 1 change detected
2026-03-23 12:28:30,575 [INFO] watchfiles.main: 1 change detected
2026-03-23 12:28:30,585 [INFO] watchfiles.main: 1 change detected
2026-03-23 12:28:38,953 [INFO] watchfiles.main: 1 change detected
2026-03-23 12:28:38,974 [INFO] watchfiles.main: 1 change detected
2026-03-23 12:28:48,272 [INFO] watchfiles.main: 1 change detected
2026-03-23 12:28:48,308 [INFO] watchfiles.main: 1 change detected
2026-03-23 12:28:56,808 [INFO] watchfiles.main: 1 change detected
2026-03-23 12:28:56,808 [INFO] watchfiles.main: 1 change detected
2026-03-23 12:29:01,786 [INFO] watchfiles.main: 1 change detected
2026-03-23 12:29:01,786 [INFO] watchfiles.main: 1 change detected
2026-03-23 12:29:18,351 [INFO] watchfiles.main: 1 change detected
2026-03-23 12:30:07,783 [INFO] watchfiles.main: 1 change detected
2026-03-23 12:30:07,784 [INFO] watchfiles.main: 1 change detected
2026-03-23 12:30:13,679 [INFO] watchfiles.main: 1 change detected
2026-03-23 12:30:13,679 [INFO] watchfiles.main: 1 change detected
2026-03-23 12:30:18,727 [INFO] watchfiles.main: 1 change detected
2026-03-23 12:46:54,988 [INFO] watchfiles.main: 1 change detected
2026-03-23 12:46:55,019 [INFO] watchfiles.main: 1 change detected
2026-03-23 12:51:08,115 [INFO] watchfiles.main: 1 change detected
2026-03-23 12:51:13,741 [INFO] watchfiles.main: 1 change detected
2026-03-23 12:51:27,451 [INFO] watchfiles.main: 1 change detected
2026-03-23 12:51:35,997 [INFO] watchfiles.main: 1 change detected
2026-03-23 12:55:22,281 [INFO] watchfiles.main: 1 change detected
2026-03-23 12:55:22,281 [INFO] watchfiles.main: 1 change detected
2026-03-23 12:55:30,367 [INFO] watchfiles.main: 1 change detected
2026-03-23 12:55:30,367 [INFO] watchfiles.main: 1 change detected
2026-03-23 12:55:37,314 [INFO] watchfiles.main: 1 change detected
2026-03-23 12:55:57,368 [INFO] watchfiles.main: 1 change detected
2026-03-23 12:55:57,723 [INFO] watchfiles.main: 1 change detected
2026-03-23 12:55:57,723 [INFO] watchfiles.main: 1 change detected
2026-03-23 12:55:58,233 [INFO] watchfiles.main: 1 change detected
2026-03-23 12:56:16,027 [INFO] watchfiles.main: 1 change detected
2026-03-23 12:56:16,027 [INFO] watchfiles.main: 1 change detected
2026-03-23 12:56:21,705 [INFO] watchfiles.main: 1 change detected
2026-03-23 12:56:38,536 [INFO] watchfiles.main: 1 change detected
2026-03-23 12:57:04,987 [INFO] watchfiles.main: 1 change detected
2026-03-23 12:57:04,987 [INFO] watchfiles.main: 1 change detected
2026-03-23 13:00:18,500 [INFO] watchfiles.main: 1 change detected
2026-03-23 13:00:18,500 [INFO] watchfiles.main: 1 change detected
2026-03-23 13:01:02,690 [INFO] watchfiles.main: 1 change detected
2026-03-23 13:01:02,690 [INFO] watchfiles.main: 1 change detected
2026-03-23 13:01:12,884 [INFO] watchfiles.main: 1 change detected
2026-03-23 13:01:12,885 [INFO] watchfiles.main: 1 change detected
2026-03-23 13:02:57,195 [INFO] watchfiles.main: 1 change detected
2026-03-23 13:02:57,195 [INFO] watchfiles.main: 1 change detected
2026-03-23 13:03:03,821 [INFO] watchfiles.main: 1 change detected
2026-03-23 13:03:23,573 [INFO] watchfiles.main: 1 change detected
2026-03-23 13:05:08,213 [INFO] watchfiles.main: 1 change detected
2026-03-23 13:05:08,214 [INFO] watchfiles.main: 1 change detected
2026-03-23 13:05:15,700 [INFO] watchfiles.main: 1 change detected
2026-03-23 13:05:15,703 [INFO] watchfiles.main: 1 change detected
2026-03-23 13:08:17,071 [INFO] watchfiles.main: 1 change detected
2026-03-23 13:08:17,071 [INFO] watchfiles.main: 1 change detected
2026-03-23 13:08:28,758 [INFO] watchfiles.main: 1 change detected
2026-03-23 13:08:33,851 [INFO] watchfiles.main: 1 change detected
2026-03-23 13:10:05,001 [INFO] watchfiles.main: 1 change detected
2026-03-23 13:10:05,001 [INFO] watchfiles.main: 1 change detected
2026-03-23 13:10:09,914 [INFO] watchfiles.main: 1 change detected
2026-03-23 13:10:09,914 [INFO] watchfiles.main: 1 change detected
2026-03-23 13:11:17,842 [INFO] watchfiles.main: 1 change detected
2026-03-23 13:11:17,852 [INFO] watchfiles.main: 1 change detected
2026-03-23 13:14:44,069 [INFO] watchfiles.main: 1 change detected
2026-03-23 13:14:44,423 [INFO] watchfiles.main: 1 change detected
2026-03-23 13:14:48,105 [INFO] watchfiles.main: 1 change detected
2026-03-23 13:14:48,155 [INFO] watchfiles.main: 1 change detected
2026-03-23 13:33:43,785 [INFO] watchfiles.main: 1 change detected
2026-03-23 13:33:49,944 [INFO] watchfiles.main: 1 change detected
2026-03-23 13:34:01,419 [INFO] watchfiles.main: 1 change detected
2026-03-23 13:37:00,272 [INFO] watchfiles.main: 1 change detected
2026-03-23 13:37:00,273 [INFO] watchfiles.main: 1 change detected
2026-03-23 13:37:11,198 [INFO] watchfiles.main: 1 change detected
2026-03-23 13:37:17,424 [INFO] watchfiles.main: 1 change detected
2026-03-23 13:37:17,426 [INFO] watchfiles.main: 1 change detected
2026-03-23 13:37:28,352 [INFO] watchfiles.main: 1 change detected
2026-03-23 13:37:28,368 [INFO] watchfiles.main: 1 change detected
2026-03-23 13:37:34,062 [INFO] watchfiles.main: 1 change detected
2026-03-23 13:37:34,077 [INFO] watchfiles.main: 1 change detected
2026-03-23 13:37:40,183 [INFO] watchfiles.main: 1 change detected
2026-03-23 13:37:49,215 [INFO] watchfiles.main: 1 change detected
2026-03-23 13:37:49,217 [INFO] watchfiles.main: 1 change detected
2026-03-23 13:56:27,407 [INFO] scraper.maps_scraper: [c16134fc-1140-4c3a-8bb9-c971c39bd6ae] Found 10 listings, extracting details...
2026-03-23 13:56:58,850 [INFO] scraper.maps_scraper: [c16134fc-1140-4c3a-8bb9-c971c39bd6ae] Extraction completed with 5 leads
2026-03-23 13:59:27,067 [INFO] scraper.maps_scraper: [0d91309d-2834-4dae-9e59-f09acf702734] No new listings after 5 scrolls, stopping scroll
2026-03-23 13:59:27,067 [INFO] scraper.maps_scraper: [0d91309d-2834-4dae-9e59-f09acf702734] Found 120 listings, extracting details...
2026-03-23 14:13:54,455 [INFO] scraper.maps_scraper: [0d91309d-2834-4dae-9e59-f09acf702734] Extraction completed with 120 leads
2026-03-24 15:43:13,881 [INFO] scraper.maps_scraper: [559054c0-ae37-42d9-9e5c-f04d47b17b81] No new listings after 5 scrolls, stopping scroll
2026-03-24 15:43:13,881 [INFO] scraper.maps_scraper: [559054c0-ae37-42d9-9e5c-f04d47b17b81] Found 12 listings, extracting details...
2026-03-24 15:44:47,649 [INFO] scraper.maps_scraper: [559054c0-ae37-42d9-9e5c-f04d47b17b81] Extraction completed with 12 leads
2026-03-24 15:45:44,185 [INFO] watchfiles.main: 1 change detected
2026-03-24 15:45:59,252 [INFO] watchfiles.main: 1 change detected
2026-03-24 15:46:08,652 [INFO] watchfiles.main: 1 change detected
2026-03-24 15:46:13,839 [INFO] watchfiles.main: 1 change detected
2026-03-24 15:46:25,473 [INFO] watchfiles.main: 1 change detected
2026-03-24 15:47:08,851 [INFO] watchfiles.main: 1 change detected
2026-03-24 15:47:18,256 [INFO] watchfiles.main: 1 change detected
2026-03-24 15:47:30,063 [INFO] watchfiles.main: 1 change detected
2026-03-24 15:47:35,378 [INFO] watchfiles.main: 1 change detected
2026-03-24 15:47:51,575 [INFO] watchfiles.main: 1 change detected
2026-03-24 15:48:59,219 [INFO] watchfiles.main: 1 change detected
2026-03-24 15:49:08,014 [INFO] watchfiles.main: 1 change detected
2026-03-24 15:49:15,201 [INFO] watchfiles.main: 1 change detected
2026-03-24 15:49:24,533 [INFO] watchfiles.main: 1 change detected
2026-03-24 15:49:57,237 [INFO] scraper.maps_scraper: [f7efc6e1-64aa-4f08-a7c6-faa466486929] No new listings after 5 scrolls, stopping scroll
2026-03-24 15:49:57,237 [INFO] scraper.maps_scraper: [f7efc6e1-64aa-4f08-a7c6-faa466486929] Found 10 listings, extracting details...
2026-03-24 15:51:08,074 [INFO] scraper.maps_scraper: [f7efc6e1-64aa-4f08-a7c6-faa466486929] Extraction completed with 10 leads
2026-03-24 15:54:04,063 [INFO] watchfiles.main: 1 change detected
2026-03-24 15:54:17,526 [INFO] watchfiles.main: 1 change detected
2026-03-24 15:58:49,961 [INFO] watchfiles.main: 1 change detected
2026-03-24 15:59:10,573 [INFO] watchfiles.main: 1 change detected
2026-03-24 15:59:23,902 [INFO] watchfiles.main: 1 change detected
2026-03-24 16:01:07,158 [INFO] watchfiles.main: 4 changes detected
2026-03-24 16:01:08,412 [INFO] watchfiles.main: 14 changes detected
2026-03-24 16:01:09,424 [INFO] watchfiles.main: 1 change detected
2026-03-24 16:01:09,779 [INFO] watchfiles.main: 1 change detected
2026-03-24 16:01:42,647 [INFO] scraper.maps_scraper: [adf57c1f-5973-4344-b5ef-47522b806758] No new listings after 5 scrolls, stopping scroll
2026-03-24 16:01:42,647 [INFO] scraper.maps_scraper: [adf57c1f-5973-4344-b5ef-47522b806758] Found 10 listings, extracting details...
2026-03-24 16:02:52,689 [INFO] scraper.maps_scraper: [adf57c1f-5973-4344-b5ef-47522b806758] Extraction completed with 10 leads
2026-03-24 16:14:07,926 [INFO] watchfiles.main: 1 change detected
2026-03-24 16:14:15,364 [INFO] watchfiles.main: 1 change detected
2026-03-24 16:14:30,667 [INFO] watchfiles.main: 1 change detected
2026-03-24 16:15:28,752 [INFO] watchfiles.main: 1 change detected
2026-03-24 16:15:31,839 [INFO] watchfiles.main: 1 change detected
2026-03-24 16:15:31,860 [INFO] watchfiles.main: 1 change detected
2026-03-24 16:15:32,191 [INFO] watchfiles.main: 1 change detected
2026-03-24 16:15:42,260 [INFO] watchfiles.main: 1 change detected
2026-03-24 16:15:42,261 [INFO] watchfiles.main: 1 change detected
2026-03-24 16:15:51,638 [INFO] watchfiles.main: 1 change detected
2026-03-24 16:16:01,464 [INFO] watchfiles.main: 1 change detected
2026-03-24 16:16:59,806 [INFO] scraper.maps_scraper: [fe6f0465-f32b-4c6c-9b1c-0c13949d9b1e] No new listings after 5 scrolls, stopping scroll
2026-03-24 16:16:59,806 [INFO] scraper.maps_scraper: [fe6f0465-f32b-4c6c-9b1c-0c13949d9b1e] Found 10 listings, extracting details...
2026-03-24 16:18:09,607 [INFO] scraper.maps_scraper: [fe6f0465-f32b-4c6c-9b1c-0c13949d9b1e] Extraction completed with 10 leads
2026-03-24 16:19:48,144 [INFO] scraper.maps_scraper: [df3d432c-d012-4bd3-9e8e-8b0bf30bbf1f] No new listings after 5 scrolls, stopping scroll
2026-03-24 16:19:48,144 [INFO] scraper.maps_scraper: [df3d432c-d012-4bd3-9e8e-8b0bf30bbf1f] Found 33 listings, extracting details...
2026-03-24 16:24:28,870 [INFO] scraper.maps_scraper: [df3d432c-d012-4bd3-9e8e-8b0bf30bbf1f] Extraction completed with 33 leads
2026-03-24 16:28:41,729 [INFO] scraper.maps_scraper: [a1ab2406-fa76-4e0b-aaf2-12de558295bf] No new listings after 5 scrolls, stopping scroll
2026-03-24 16:28:41,730 [INFO] scraper.maps_scraper: [a1ab2406-fa76-4e0b-aaf2-12de558295bf] Found 120 listings, extracting details...
2026-03-24 16:44:35,139 [INFO] scraper.maps_scraper: [a1ab2406-fa76-4e0b-aaf2-12de558295bf] Extraction completed with 120 leads
2026-03-24 16:50:44,199 [INFO] scraper.maps_scraper: [89a2c922-f4e1-41c8-9cd6-25827dd9d0e1] No new listings after 5 scrolls, stopping scroll
2026-03-24 16:50:44,199 [INFO] scraper.maps_scraper: [89a2c922-f4e1-41c8-9cd6-25827dd9d0e1] Found 26 listings, extracting details...
2026-03-24 16:54:41,111 [INFO] scraper.maps_scraper: [89a2c922-f4e1-41c8-9cd6-25827dd9d0e1] Extraction completed with 26 leads
